<?xml version="1.0" encoding="UTF-8"?><mappingRoot xmlns="http://www.ibm.com/2008/ccl/Mapping" domainID="com.ibm.msl.mapping.xml" targetNamespace="http://Impl-GcCpm/com/tagic/gc/cpm/xslt/CPMReqResLog" version="8.0.5.0" xmlns:map="http://Impl-GcCpm/com/tagic/gc/cpm/xslt/CPMReqResLog">
    <input correlationContext="" message="{http://Impl-AuditLibrary/AuditLoggingServices}upsertServiceLogResponseMsg" sharedContext="{http://Impl-GcCpm}cpmSharedBO" smoName="wsdl-primary" transientContext="" type="smo" types="" xpath="/"/>
    <output correlationContext="" message="{http://Impl-AuditLibrary/AuditLoggingServices}upsertServiceLogResponseMsg" sharedContext="{http://Impl-GcCpm}cpmSharedBO" smoName="wsdl-primary" transientContext="" type="smo" types="" xpath="/"/>
    <namespaces>
        <namespace kind="supplement" prefix="io7" uri="http://www.ibm.com/xmlns/prod/websphere/mq/sca/6.0.0"/>
        <namespace kind="supplement" prefix="io6" uri="http://Impl-AuditLibrary/AuditLoggingServices"/>
        <namespace kind="supplement" prefix="io9" uri="http://Impl-GcCpm"/>
        <namespace kind="supplement" prefix="io8" uri="http://www.ibm.com/xmlns/prod/websphere/http/sca/6.1.0"/>
        <namespace kind="supplement" prefix="io10" uri="http://NBHD"/>
        <namespace kind="supplement" prefix="io" uri="http://www.w3.org/2005/08/addressing"/>
        <namespace kind="supplement" prefix="io3" uri="wsdl.http://Impl-AuditLibrary/AuditLoggingServices"/>
        <namespace kind="supplement" prefix="io2" uri="http://www.w3.org/2003/05/soap-envelope"/>
        <namespace kind="supplement" prefix="io5" uri="http://www.ibm.com/websphere/sibx/smo/v6.0.1"/>
        <namespace kind="supplement" prefix="io4" uri="http://schemas.xmlsoap.org/ws/2004/08/addressing"/>
    </namespaces>
    <generation engine="xslt2"/>
    <mappingDeclaration name="CPMReqResLog">
        <input namespace="http://www.ibm.com/websphere/sibx/smo/v6.0.1" path="smo"/>
        <output namespace="http://www.ibm.com/websphere/sibx/smo/v6.0.1" path="smo"/>
        <move>
            <input path="body/upsertServiceLogResponse/serviceLogResponse"/>
            <output path="body/upsertServiceLogResponse/serviceLogResponse"/>
        </move>
        <convert>
            <input path="body/upsertServiceLogResponse/serviceLogResponse/serviceLogId"/>
            <output path="context/shared/auditPrimaryKey"/>
        </convert>
        <move>
            <input path="context/shared/loggingModule"/>
            <output path="context/shared/loggingModule"/>
        </move>
        <move>
            <input path="context/shared/itTicketNumber"/>
            <output path="context/shared/itTicketNumber"/>
        </move>
        <move>
            <input path="context/shared/traceLog"/>
            <output path="context/shared/traceLog"/>
        </move>
    </mappingDeclaration>
</mappingRoot>